
Memory Configuration

Name             Origin             Length             Attributes
flash            0x08000000         0x00020000         xr
sram             0x20000000         0x00005000         xrw
*default*        0x00000000         0xffffffff

Linker script and memory map


.text           0x08000000      0x150
 *(.vectors*)
 .vectors       0x08000000       0x50 startup.o
 *(.text*)
 .text          0x08000050        0xc startup.o
 .text          0x0800005c       0xf4 app.o
                0x0800005c                main
 *(.rodata)

.glue_7         0x08000150        0x0
 .glue_7        0x00000000        0x0 linker stubs

.glue_7t        0x08000150        0x0
 .glue_7t       0x00000000        0x0 linker stubs

.vfp11_veneer   0x08000150        0x0
 .vfp11_veneer  0x00000000        0x0 linker stubs

.v4_bx          0x08000150        0x0
 .v4_bx         0x00000000        0x0 linker stubs

.iplt           0x08000150        0x0
 .iplt          0x00000000        0x0 startup.o

.rel.dyn        0x08000150        0x0
 .rel.iplt      0x00000000        0x0 startup.o

.data           0x08000150        0x0
 *(.data)
 .data          0x08000150        0x0 startup.o
 .data          0x08000150        0x0 app.o

.igot.plt       0x08000150        0x0
 .igot.plt      0x00000000        0x0 startup.o

.bss            0x20000000        0x4
 *(.bss*)
 .bss           0x20000000        0x0 startup.o
 .bss           0x20000000        0x4 app.o
                0x20000000                i
LOAD startup.o
LOAD app.o
OUTPUT(learn_in_depth_cortex_M3.elf elf32-littlearm)

.ARM.attributes
                0x00000000       0x2e
 .ARM.attributes
                0x00000000       0x22 startup.o
 .ARM.attributes
                0x00000022       0x32 app.o

.comment        0x00000000       0x11
 .comment       0x00000000       0x11 app.o
                                 0x12 (size before relaxing)

.debug_line     0x00000000       0x90
 .debug_line    0x00000000       0x3b startup.o
 .debug_line    0x0000003b       0x55 app.o

.debug_info     0x00000000       0xd5
 .debug_info    0x00000000       0x68 startup.o
 .debug_info    0x00000068       0x6d app.o

.debug_abbrev   0x00000000       0x7b
 .debug_abbrev  0x00000000       0x14 startup.o
 .debug_abbrev  0x00000014       0x67 app.o

.debug_aranges  0x00000000       0x40
 .debug_aranges
                0x00000000       0x20 startup.o
 .debug_aranges
                0x00000020       0x20 app.o

.debug_loc      0x00000000       0x2c
 .debug_loc     0x00000000       0x2c app.o

.debug_str      0x00000000       0x63
 .debug_str     0x00000000       0x63 app.o

.debug_frame    0x00000000       0x28
 .debug_frame   0x00000000       0x28 app.o
