
Memory Configuration

Name             Origin             Length             Attributes
flash            0x0000000000000000 0x0000000020000000 xr
sram             0x0000000020000000 0x0000000020000000 xrw
*default*        0x0000000000000000 0xffffffffffffffff

Linker script and memory map


.text           0x0000000000000000      0x12c
 *(.vectors*)
 .vectors       0x0000000000000000       0x10 startup.o
                0x0000000000000000                g_p_fn_Vectors
 *(.text*)
 .text          0x0000000000000010       0x90 startup.o
                0x0000000000000010                Default_Handler
                0x0000000000000010                H_fault_Handler
                0x0000000000000010                NMI_Handler
                0x000000000000001c                Rest_Handler
 .text          0x00000000000000a0       0x8c main.o
                0x00000000000000a0                main
 *(.rodata)
                0x000000000000012c                _E_text = .

.glue_7         0x000000000000012c        0x0
 .glue_7        0x000000000000012c        0x0 linker stubs

.glue_7t        0x000000000000012c        0x0
 .glue_7t       0x000000000000012c        0x0 linker stubs

.vfp11_veneer   0x000000000000012c        0x0
 .vfp11_veneer  0x000000000000012c        0x0 linker stubs

.v4_bx          0x000000000000012c        0x0
 .v4_bx         0x000000000000012c        0x0 linker stubs

.iplt           0x000000000000012c        0x0
 .iplt          0x000000000000012c        0x0 startup.o

.rel.dyn        0x000000000000012c        0x0
 .rel.iplt      0x000000000000012c        0x0 startup.o

.data           0x0000000020000000        0x0 load address 0x000000000000012c
                0x0000000020000000                _S_DATA = .
 *(.data)
 .data          0x0000000020000000        0x0 startup.o
 .data          0x0000000020000000        0x0 main.o
                0x0000000020000000                . = ALIGN (0x4)
                0x0000000020000000                _E_DATA = .

.igot.plt       0x0000000020000000        0x0 load address 0x000000000000012c
 .igot.plt      0x0000000020000000        0x0 startup.o

.bss            0x0000000020000000      0x400 load address 0x000000000000012c
                0x0000000020000000                _S_bss = .
 *(.bss*)
 .bss           0x0000000020000000      0x400 startup.o
 .bss           0x0000000020000400        0x0 main.o
                0x0000000020000400                . = ALIGN (0x4)
                0x0000000020000400                _E_bss = .
LOAD startup.o
LOAD main.o
OUTPUT(Unit3_lab4_cortexM4.elf elf32-littlearm)

.debug_info     0x0000000000000000      0x1bd
 .debug_info    0x0000000000000000      0x157 startup.o
 .debug_info    0x0000000000000157       0x66 main.o

.debug_abbrev   0x0000000000000000      0x124
 .debug_abbrev  0x0000000000000000       0xc8 startup.o
 .debug_abbrev  0x00000000000000c8       0x5c main.o

.debug_loc      0x0000000000000000       0xb4
 .debug_loc     0x0000000000000000       0x7c startup.o
 .debug_loc     0x000000000000007c       0x38 main.o

.debug_aranges  0x0000000000000000       0x40
 .debug_aranges
                0x0000000000000000       0x20 startup.o
 .debug_aranges
                0x0000000000000020       0x20 main.o

.debug_line     0x0000000000000000       0xce
 .debug_line    0x0000000000000000       0x6b startup.o
 .debug_line    0x000000000000006b       0x63 main.o

.debug_str      0x0000000000000000      0x15a
 .debug_str     0x0000000000000000      0x142 startup.o
                                        0x14f (size before relaxing)
 .debug_str     0x0000000000000142       0x18 main.o
                                         0xc7 (size before relaxing)

.comment        0x0000000000000000       0x7b
 .comment       0x0000000000000000       0x7b startup.o
                                         0x7c (size before relaxing)
 .comment       0x000000000000007b       0x7c main.o

.ARM.attributes
                0x0000000000000000       0x33
 .ARM.attributes
                0x0000000000000000       0x33 startup.o
 .ARM.attributes
                0x0000000000000033       0x33 main.o

.debug_frame    0x0000000000000000       0x7c
 .debug_frame   0x0000000000000000       0x50 startup.o
 .debug_frame   0x0000000000000050       0x2c main.o
