
Memory Configuration

Name             Origin             Length             Attributes
flash            0x0000000008000000 0x0000000000020000 xr
sram             0x0000000020000000 0x0000000000005000 xrw
*default*        0x0000000000000000 0xffffffffffffffff

Linker script and memory map


.text           0x0000000008000000      0x13c
 *(.vectors*)
 .vectors       0x0000000008000000       0x1c startup.o
                0x0000000008000000                vectors
 *(.text*)
 .text          0x000000000800001c       0x90 startup.o
                0x000000000800001c                MM_fault_Handler
                0x000000000800001c                Bus_Fault
                0x000000000800001c                Default_Handler
                0x000000000800001c                H_fault_Handler
                0x000000000800001c                Usage_Fault_Handler
                0x000000000800001c                NMI_Handler
                0x0000000008000028                Rest_Handler
 .text          0x00000000080000ac       0x90 app.o
                0x00000000080000ac                main
 *(.rodata)
                0x000000000800013c                _E_text = .

.glue_7         0x000000000800013c        0x0
 .glue_7        0x000000000800013c        0x0 linker stubs

.glue_7t        0x000000000800013c        0x0
 .glue_7t       0x000000000800013c        0x0 linker stubs

.vfp11_veneer   0x000000000800013c        0x0
 .vfp11_veneer  0x000000000800013c        0x0 linker stubs

.v4_bx          0x000000000800013c        0x0
 .v4_bx         0x000000000800013c        0x0 linker stubs

.iplt           0x000000000800013c        0x0
 .iplt          0x000000000800013c        0x0 startup.o

.rel.dyn        0x000000000800013c        0x0
 .rel.iplt      0x000000000800013c        0x0 startup.o

.data           0x0000000020000000        0x4 load address 0x000000000800013c
                0x0000000020000000                _S_DATA = .
 *(.data)
 .data          0x0000000020000000        0x0 startup.o
 .data          0x0000000020000000        0x4 app.o
                0x0000000020000000                R_ODR
                0x0000000020000004                . = ALIGN (0x4)
                0x0000000020000004                _E_DATA = .

.igot.plt       0x0000000020000004        0x0 load address 0x0000000008000140
 .igot.plt      0x0000000020000004        0x0 startup.o

.bss            0x0000000020000004     0x1004 load address 0x0000000008000140
                0x0000000020000004                _S_bss = .
 *(.bss*)
 .bss           0x0000000020000004        0x0 startup.o
 .bss           0x0000000020000004        0x4 app.o
                0x0000000020000004                i
                0x0000000020000008                . = ALIGN (0x4)
                0x0000000020000008                _E_bss = .
                0x0000000020000008                . = ALIGN (0x4)
                0x0000000020001008                . = (. + 0x1000)
 *fill*         0x0000000020000008     0x1000 
                0x0000000020001008                _stack_top = .
LOAD startup.o
LOAD app.o
OUTPUT(learn_in_depth_cortex_M3.elf elf32-littlearm)

.debug_info     0x0000000000000000      0x240
 .debug_info    0x0000000000000000      0x156 startup.o
 .debug_info    0x0000000000000156       0xea app.o

.debug_abbrev   0x0000000000000000      0x172
 .debug_abbrev  0x0000000000000000       0xb5 startup.o
 .debug_abbrev  0x00000000000000b5       0xbd app.o

.debug_loc      0x0000000000000000       0xa8
 .debug_loc     0x0000000000000000       0x7c startup.o
 .debug_loc     0x000000000000007c       0x2c app.o

.debug_aranges  0x0000000000000000       0x40
 .debug_aranges
                0x0000000000000000       0x20 startup.o
 .debug_aranges
                0x0000000000000020       0x20 app.o

.debug_line     0x0000000000000000       0xc0
 .debug_line    0x0000000000000000       0x6b startup.o
 .debug_line    0x000000000000006b       0x55 app.o

.debug_str      0x0000000000000000      0x1ad
 .debug_str     0x0000000000000000      0x16a startup.o
                                        0x19e (size before relaxing)
 .debug_str     0x000000000000016a       0x43 app.o
                                         0xf4 (size before relaxing)

.comment        0x0000000000000000       0x7b
 .comment       0x0000000000000000       0x7b startup.o
                                         0x7c (size before relaxing)
 .comment       0x000000000000007b       0x7c app.o

.ARM.attributes
                0x0000000000000000       0x33
 .ARM.attributes
                0x0000000000000000       0x33 startup.o
 .ARM.attributes
                0x0000000000000033       0x33 app.o

.debug_frame    0x0000000000000000       0x78
 .debug_frame   0x0000000000000000       0x50 startup.o
 .debug_frame   0x0000000000000050       0x28 app.o
